nisi 22
netus 2
nisl 22
nullam 9
non 25
nec 38
nibh 10
nascetur 4
nostra 1
neque 15
natoque 4
nam 10
nulla 31
