pharetra 17
potenti 4
primis 1
purus 19
praesent 13
penatibus 4
proin 10
placerat 9
pellentesque 25
platea 2
parturient 4
posuere 9
per 2
pulvinar 8
porta 21
porttitor 11
phasellus 6
