ullamcorper 12
urna 20
ultrices 13
ultricies 14
ut 44
