enim 17
elementum 14
efficitur 18
etiam 15
est 16
eleifend 16
egestas 10
et 46
eu 36
euismod 9
ex 21
elit 21
eros 16
eget 32
