dolor 16
dictumst 2
duis 11
donec 26
dictum 11
dui 29
dapibus 12
dignissim 11
diam 17
dis 4
