volutpat 21
venenatis 13
vestibulum 19
vivamus 8
viverra 14
velit 13
varius 15
vehicula 6
vulputate 17
vel 38
