massa 21
magnis 4
mollis 5
morbi 18
montes 4
mus 4
magna 20
mattis 14
metus 10
malesuada 18
maecenas 10
molestie 12
mi 13
maximus 10
