facilisis 16
fusce 9
fringilla 13
finibus 14
facilisi 4
fames 2
felis 12
feugiat 11
fermentum 14
faucibus 15
