habitasse 2
himenaeos 1
hac 2
habitant 2
hendrerit 15
