consequat 13
cursus 17
commodo 8
congue 15
condimentum 16
curabitur 12
curae 1
cubilia 1
cras 21
conubia 1
convallis 16
class 1
consectetur 9
