iaculis 13
inceptos 1
in 38
imperdiet 13
ipsum 14
id 32
integer 18
interdum 17
