aenean 13
aptent 1
a 34
ac 37
ad 1
adipiscing 1
accumsan 15
aliquam 21
auctor 14
augue 18
arcu 21
at 28
ante 19
aliquet 12
amet 46
