turpis 16
torquent 1
tristique 19
tortor 17
tincidunt 31
tellus 13
taciti 1
